// Jest Snapshot v1, https://goo.gl/fbAQLP

exports[`Header tests matches a snapshot 1`] = `ShallowWrapper {}`;
