// Jest Snapshot v1, https://goo.gl/fbAQLP

exports[`Polls Test Renders list of polls 1`] = `
<section
  className="poll"
>
  <h2>
    some Question
  </h2>
  <ul>
    <li>
      option1
    </li>
    <li>
      option2
    </li>
  </ul>
</section>
`;
